// Jest Snapshot v1, https://goo.gl/fbAQLP

exports[`View 基本渲染 1`] = `
<View
  activeOpacity={0.5}
  className="view"
  onPress={[Function]}
  style={
    Object {
      "backgroundColor": "red",
      "display": "flex",
      "flexDirection": "column",
      "flexWrap": "nowrap",
      "lineHeight": 19.360000000000003,
      "marginBottom": 39.999975,
      "marginLeft": 0,
      "marginRight": 0,
      "marginTop": 39.999975,
      "opacity": undefined,
      "position": undefined,
    }
  }
>
  <TextInput
    allowFontScaling={false}
    className="view"
    editable={false}
    ellipsizeMode="tail"
    pointerEvents="none"
    style={
      Object {
        "color": "#000",
        "fontSize": 26,
        "fontWeight": undefined,
        "textAlign": undefined,
      }
    }
  >
    1
  </TextInput>
  <View
    activeOpacity={0.5}
    className="view"
    onPress={[Function]}
    style={
      Object {
        "WebkitLineClamp": 2,
        "border": "1px solid #eee",
        "borderColor": "#eee",
        "borderRadius": 375,
        "borderStyle": "solid",
        "borderWidth": 1,
        "color": "red",
        "display": "flex",
        "flexDirection": "row",
        "flexWrap": "wrap",
        "fontSize": 14,
        "fontWeight": "400",
        "height": 1334,
        "lineHeight": 30.800000000000004,
        "opacity": undefined,
        "paddingBottom": 39.999975,
        "paddingLeft": 0,
        "paddingRight": 0,
        "paddingTop": 39.999975,
        "position": undefined,
      }
    }
  >
    <View
      activeOpacity={0.5}
      className="view"
      onPress={[Function]}
      style={
        Object {
          "backgroundColor": "none",
          "display": "flex",
          "flexDirection": "row",
          "flexWrap": "wrap",
          "lineHeight": 16,
          "opacity": undefined,
          "position": undefined,
          "width": 57.2,
        }
      }
    >
      <TextInput
        allowFontScaling={false}
        className="view"
        editable={false}
        ellipsizeMode="tail"
        numberOfLines={2}
        pointerEvents="none"
        style={
          Object {
            "color": "red",
            "fontSize": 14,
            "fontWeight": "400",
            "textAlign": undefined,
          }
        }
      >
        233
      </TextInput>
    </View>
    <View
      activeOpacity={0.5}
      className="view"
      onPress={[Function]}
      style={
        Object {
          "display": "flex",
          "flexDirection": "row",
          "flexWrap": "wrap",
          "lineHeight": 15.400000000000002,
          "opacity": undefined,
          "position": undefined,
          "width": 57.2,
        }
      }
    >
      <Text
        allowFontScaling={false}
        className="view"
        editable={false}
        ellipsizeMode="tail"
        numberOfLines={2}
        pointerEvents="none"
        style={
          Object {
            "color": "red",
            "fontSize": 14,
            "fontWeight": "400",
            "textAlign": undefined,
          }
        }
      >
        233
      </Text>
    </View>
  </View>
</View>
`;
