// Jest Snapshot v1, https://goo.gl/fbAQLP

exports[`Input 基本渲染 1`] = `
<View
  activeOpacity={0.5}
  className="view"
  onPress={[Function]}
  style={
    Object {
      "backgroundColor": "red",
      "display": "flex",
      "flexDirection": "column",
      "flexWrap": "nowrap",
      "height": 50,
      "opacity": undefined,
      "position": undefined,
      "width": 100,
    }
  }
>
  <TextInput
    allowFontScaling={false}
    keyboardType="default"
    onChangeText={[Function]}
    placeholderTextColor="#999"
    returnKeyType="done"
    style={
      Object {
        "backgroundColor": "red",
        "display": "flex",
        "flexWrap": "wrap",
        "fontSize": undefined,
        "height": 50,
        "paddingBottom": 0,
        "paddingLeft": 0,
        "paddingRight": 0,
        "paddingTop": 0,
        "textAlign": undefined,
        "width": 100,
      }
    }
    underlineColorAndroid="transparent"
  />
</View>
`;
